# TODO â€“ Developer: Replace this file with your expected output data. This will be used
# to verify that your ingest is working as intended as other changes are made to this
# repository.